
  You can now view your Streamlit app in your browser.

  Local URL: http://localhost:8501
  Network URL: http://198.18.0.1:8501

  For better performance, install the Watchdog module:

  $ xcode-select --install
  $ pip install watchdog
            
DEBUG: App ID loaded: cli_...
DEBUG: App Token used: JRoLbT...
DEBUG: Table ID used: tbltcz...
📡 Scaper: Navigating to https://www.reddit.com/search/?q=write%20a%20script%20to%20automate%20my%20boring&sort=relevance&t=month
❌ Scraper Error: Page.wait_for_selector: Timeout 20000ms exceeded.
Call log:
  - waiting for locator("shreddit-post, article") to be visible
    44 × locator resolved to 2 elements. Proceeding with the first one: <article id="menu" faceplate-popper-content="">…</article>

DEBUG: App ID loaded: cli_...
DEBUG: App Token used: JRoLbT...
DEBUG: Table ID used: tbltcz...
📡 Scaper: Navigating to https://www.reddit.com/search/?q=write%20a%20script%20to%20automate%20my%20boring&sort=relevance&t=month
✅ Scraper: Found 10 high-quality results.
  Stopping...
